GC heap before
{Heap before GC invocations=2 (full 0):
 PSYoungGen      total 38400K, used 37549K [0x00000000d5d00000, 0x00000000d8780000, 0x0000000100000000)
  eden space 33280K, 100% used [0x00000000d5d00000,0x00000000d7d80000,0x00000000d7d80000)
  from space 5120K, 83% used [0x00000000d7d80000,0x00000000d81ab5c8,0x00000000d8280000)
  to   space 5120K, 0% used [0x00000000d8280000,0x00000000d8280000,0x00000000d8780000)
 ParOldGen       total 87552K, used 28123K [0x0000000081600000, 0x0000000086b80000, 0x00000000d5d00000)
  object space 87552K, 32% used [0x0000000081600000,0x0000000083176d08,0x0000000086b80000)
 Metaspace       used 13880K, capacity 14102K, committed 14336K, reserved 1062912K
  class space    used 1690K, capacity 1752K, committed 1792K, reserved 1048576K
Event: 259.648 GC heap after
Heap after GC invocations=2 (full 0):
 PSYoungGen      total 38400K, used 4636K [0x00000000d5d00000, 0x00000000d8780000, 0x0000000100000000)
  eden space 33280K, 0% used [0x00000000d5d00000,0x00000000d5d00000,0x00000000d7d80000)
  from space 5120K, 90% used [0x00000000d8280000,0x00000000d8707060,0x00000000d8780000)
  to   space 5120K, 0% used [0x00000000d7d80000,0x00000000d7d80000,0x00000000d8280000)
 ParOldGen       total 87552K, used 28139K [0x0000000081600000, 0x0000000086b80000, 0x00000000d5d00000)
  object space 87552K, 32% used [0x0000000081600000,0x000000008317ad08,0x0000000086b80000)
 Metaspace       used 13880K, capacity 14102K, committed 14336K, reserved 1062912K
  class space    used 1690K, capacity 1752K, committed 1792K, reserved 1048576K
}
Event: 632.040 GC heap before
{Heap before GC invocations=3 (full 0):
 PSYoungGen      total 38400K, used 37916K [0x00000000d5d00000, 0x00000000d8780000, 0x0000000100000000)
  eden space 33280K, 100% used [0x00000000d5d00000,0x00000000d7d80000,0x00000000d7d80000)
  from space 5120K, 90% used [0x00000000d8280000,0x00000000d8707060,0x00000000d8780000)
  to   space 5120K, 0% used [0x00000000d7d80000,0x00000000d7d80000,0x00000000d8280000)
 ParOldGen       total 87552K, used 28139K [0x0000000081600000, 0x0000000086b80000, 0x00000000d5d00000)
  object space 87552K, 32% used [0x0000000081600000,0x000000008317ad08,0x0000000086b80000)
 Metaspace       used 13993K, capacity 14230K, committed 14592K, reserved 1062912K
  class space    used 1690K, capacity 1752K, committed 1792K, reserved 1048576K
Event: 632.047 GC heap after
Heap after GC invocations=3 (full 0):
 PSYoungGen      total 38400K, used 4930K [0x00000000d5d00000, 0x00000000d8780000, 0x0000000100000000)
  eden space 33280K, 0% used [0x00000000d5d00000,0x00000000d5d00000,0x00000000d7d80000)
  from space 5120K, 96% used [0x00000000d7d80000,0x00000000d8250ad0,0x00000000d8280000)
  to   space 5120K, 0% used [0x00000000d8280000,0x00000000d8280000,0x00000000d8780000)
 ParOldGen       total 87552K, used 28537K [0x0000000081600000, 0x0000000086b80000, 0x00000000d5d00000)
  object space 87552K, 32% used [0x0000000081600000,0x00000000831de798,0x0000000086b80000)
 Metaspace       used 13993K, capacity 14230K, committed 14592K, reserved 1062912K
  class space    used 1690K, capacity 1752K, committed 1792K, reserved 1048576K
}
Event: 1008.424 GC heap before
{Heap before GC invocations=4 (full 0):
 PSYoungGen      total 38400K, used 38210K [0x00000000d5d00000, 0x00000000d8780000, 0x0000000100000000)
  eden space 33280K, 100% used [0x00000000d5d00000,0x00000000d7d80000,0x00000000d7d80000)
  from space 5120K, 96% used [0x00000000d7d80000,0x00000000d8250ad0,0x00000000d8280000)
  to   space 5120K, 0% used [0x00000000d8280000,0x00000000d8280000,0x00000000d8780000)
 ParOldGen       total 87552K, used 28537K [0x0000000081600000, 0x0000000086b80000, 0x00000000d5d00000)
  object space 87552K, 32% used [0x0000000081600000,0x00000000831de798,0x0000000086b80000)
 Metaspace       used 14010K, capacity 14230K, committed 14592K, reserved 1062912K
  class space    used 1690K, capacity 1752K, committed 1792K, reserved 1048576K
Event: 1008.444 GC heap after
Heap after GC invocations=4 (full 0):
 PSYoungGen      total 38400K, used 4524K [0x00000000d5d00000, 0x00000000d8780000, 0x0000000100000000)
  eden space 33280K, 0% used [0x00000000d5d00000,0x00000000d5d00000,0x00000000d7d80000)
  from space 5120K, 88% used [0x00000000d8280000,0x00000000d86eb050,0x00000000d8780000)
  to   space 5120K, 0% used [0x00000000d7d80000,0x00000000d7d80000,0x00000000d8280000)
 ParOldGen       total 87552K, used 28545K [0x0000000081600000, 0x0000000086b80000, 0x00000000d5d00000)
  object space 87552K, 32% used [0x0000000081600000,0x00000000831e0798,0x0000000086b80000)
 Metaspace       used 14010K, capacity 14230K, committed 14592K, reserved 1062912K
  class space    used 1690K, capacity 1752K, committed 1792K, reserved 1048576K
}
Event: 1386.844 GC heap before
{Heap before GC invocations=5 (full 0):
 PSYoungGen      total 38400K, used 37804K [0x00000000d5d00000, 0x00000000d8780000, 0x0000000100000000)
  eden space 33280K, 100% used [0x00000000d5d00000,0x00000000d7d80000,0x00000000d7d80000)
  from space 5120K, 88% used [0x00000000d8280000,0x00000000d86eb050,0x00000000d8780000)
  to   space 5120K, 0% used [0x00000000d7d80000,0x00000000d7d80000,0x00000000d8280000)
 ParOldGen       total 87552K, used 28545K [0x0000000081600000, 0x0000000086b80000, 0x00000000d5d00000)
  object space 87552K, 32% used [0x0000000081600000,0x00000000831e0798,0x0000000086b80000)
 Metaspace       used 14010K, capacity 14230K, committed 14592K, reserved 1062912K
  class space    used 1690K, capacity 1752K, committed 1792K, reserved 1048576K
Event: 1386.977 GC heap after
Heap after GC invocations=5 (full 0):
 PSYoungGen      total 37376K, used 4556K [0x00000000d5d00000, 0x00000000d8700000, 0x0000000100000000)
  eden space 32768K, 0% used [0x00000000d5d00000,0x00000000d5d00000,0x00000000d7d00000)
  from space 4608K, 98% used [0x00000000d7d80000,0x00000000d81f3070,0x00000000d8200000)
  to   space 5120K, 0% used [0x00000000d8200000,0x00000000d8200000,0x00000000d8700000)
 ParOldGen       total 87552K, used 28553K [0x0000000081600000, 0x0000000086b80000, 0x00000000d5d00000)
  object space 87552K, 32% used [0x0000000081600000,0x00000000831e2798,0x0000000086b80000)
 Metaspace       used 14010K, capacity 14230K, committed 14592K, reserved 1062912K
  class space    used 1690K, capacity 1752K, committed 1792K, reserved 1048576K
}

Deoptimization events (10 events):
Event: 1.123 Thread 0x000000001b7b8000 Uncommon trap: reason=class_check action=maybe_recompile pc=0x00000000048181bc method=javax.swing.text.StyleContext$NamedStyle.getAttribute(Ljava/lang/Object;)Ljava/lang/Object; @ 5
Event: 1.123 Thread 0x000000001b7b8000 Uncommon trap: reason=class_check action=maybe_recompile pc=0x00000000048181bc method=javax.swing.text.StyleContext$NamedStyle.getAttribute(Ljava/lang/Object;)Ljava/lang/Object; @ 5
Event: 1.128 Thread 0x000000001b6fd800 Uncommon trap: reason=class_check action=maybe_recompile pc=0x0000000004824d58 method=java.util.Vector.indexOf(Ljava/lang/Object;I)I @ 51
Event: 1.912 Thread 0x000000001b7b8000 Uncommon trap: reason=unstable_if action=reinterpret pc=0x000000000488f09c method=java.lang.ref.ReferenceQueue.poll()Ljava/lang/ref/Reference; @ 4
Event: 1.921 Thread 0x000000001b6fd800 Uncommon trap: reason=class_check action=maybe_recompile pc=0x0000000004824d58 method=java.util.Vector.indexOf(Ljava/lang/Object;I)I @ 51
Event: 1.980 Thread 0x000000001b6fd800 Uncommon trap: reason=unstable_if action=reinterpret pc=0x00000000048b4d34 method=sun.awt.image.PNGImageDecoder.update_crc(I[BII)I @ 7
Event: 1.984 Thread 0x000000001b6fd800 Uncommon trap: reason=unstable_if action=reinterpret pc=0x00000000048eddd4 method=sun.awt.image.PNGImageDecoder.produceImage()V @ 867
Event: 1.984 Thread 0x000000001b6fd800 Uncommon trap: reason=class_check action=maybe_recompile pc=0x0000000004824d58 method=java.util.Vector.indexOf(Ljava/lang/Object;I)I @ 51
Event: 2.004 Thread 0x000000001b6e0800 Uncommon trap: reason=predicate action=maybe_recompile pc=0x00000000048e79b0 method=java.util.ArrayList.indexOf(Ljava/lang/Object;)I @ 44
Event: 2.026 Thread 0x000000001b7b8000 Uncommon trap: reason=class_check action=maybe_recompile pc=0x0000000004824d58 method=java.util.Vector.indexOf(Ljava/lang/Object;I)I @ 51

Internal exceptions (10 events):
Event: 0.035 Thread 0x000000000416e000 Exception <a 'java/lang/NoSuchMethodError': Method sun.misc.Unsafe.prefetchRead(Ljava/lang/Object;J)V name or signature does not match> (0x00000000d5d07f90) thrown at [C:\re\workspace\8-2-build-windows-amd64-cygwin\jdk8u121\8372\hotspot\src\share\vm\prims
Event: 0.101 Thread 0x000000000416e000 Exception <a 'java/security/PrivilegedActionException'> (0x00000000d5d93eb0) thrown at [C:\re\workspace\8-2-build-windows-amd64-cygwin\jdk8u121\8372\hotspot\src\share\vm\prims\jvm.cpp, line 1390]
Event: 0.101 Thread 0x000000000416e000 Exception <a 'java/security/PrivilegedActionException'> (0x00000000d5d940c0) thrown at [C:\re\workspace\8-2-build-windows-amd64-cygwin\jdk8u121\8372\hotspot\src\share\vm\prims\jvm.cpp, line 1390]
Event: 0.102 Thread 0x000000000416e000 Exception <a 'java/security/PrivilegedActionException'> (0x00000000d5d97d30) thrown at [C:\re\workspace\8-2-build-windows-amd64-cygwin\jdk8u121\8372\hotspot\src\share\vm\prims\jvm.cpp, line 1390]
Event: 0.102 Thread 0x000000000416e000 Exception <a 'java/security/PrivilegedActionException'> (0x00000000d5d97f40) thrown at [C:\re\workspace\8-2-build-windows-amd64-cygwin\jdk8u121\8372\hotspot\src\share\vm\prims\jvm.cpp, line 1390]
Event: 0.105 Thread 0x000000000416e000 Exception <a 'java/io/FileNotFoundException'> (0x00000000d5d9a838) thrown at [C:\re\workspace\8-2-build-windows-amd64-cygwin\jdk8u121\8372\hotspot\src\share\vm\prims\jni.cpp, line 709]
Event: 0.138 Thread 0x000000000416e000 Exception <a 'java/lang/NoSuchFieldError': method resolution failed> (0x00000000d5f0e388) thrown at [C:\re\workspace\8-2-build-windows-amd64-cygwin\jdk8u121\8372\hotspot\src\share\vm\prims\methodHandles.cpp, line 1146]
Event: 0.139 Thread 0x000000000416e000 Exception <a 'java/lang/NoSuchFieldError': method resolution failed> (0x00000000d5f1b758) thrown at [C:\re\workspace\8-2-build-windows-amd64-cygwin\jdk8u121\8372\hotspot\src\share\vm\prims\methodHandles.cpp, line 1146]
Event: 0.204 Thread 0x000000001b6e0800 Exception <a 'java/io/FileNotFoundException'> (0x00000000d60f49a0) thrown at [C:\re\workspace\8-2-build-windows-amd64-cygwin\jdk8u121\8372\hotspot\src\share\vm\prims\jni.cpp, line 709]
Event: 0.223 Thread 0x000000001b6e0800 Implicit null exception at 0x00000000046cc9a2 to 0x00000000046ccb69

Events (10 events):
Event: 1059.445 Thread 0x00000000190c5800 flushing nmethod 0x00000000049a7510
Event: 1059.445 Thread 0x00000000190c5800 flushing nmethod 0x00000000049ac490
Event: 1065.439 Thread 0x00000000190be800 flushing nmethod 0x00000000049aca10
Event: 1065.439 Thread 0x00000000190be800 flushing nmethod 0x00000000049aced0
Event: 1065.439 Thread 0x00000000190be800 flushing nmethod 0x00000000049aff50
Event: 1065.439 Thread 0x00000000190be800 flushing nmethod 0x00000000049b7cd0
Event: 1065.439 Thread 0x00000000190be800 flushing nmethod 0x00000000049b9210
Event: 1065.439 Thread 0x00000000190be800 flushing nmethod 0x00000000049bbf90
Event: 1386.844 Executing VM operation: ParallelGCFailedAllocation
Event: 1386.977 Executing VM operation: ParallelGCFailedAllocation done


Dynamic libraries:
0x00007ff738de0000 - 0x00007ff738e17000 	C:\Program Files\Java\jre1.8.0_121\bin\javaw.exe
0x00007ffe80cb0000 - 0x00007ffe80e90000 	C:\WINDOWS\SYSTEM32\ntdll.dll
0x00007ffe7f260000 - 0x00007ffe7f30e000 	C:\WINDOWS\System32\KERNEL32.DLL
0x00007ffe7dde0000 - 0x00007ffe7e046000 	C:\WINDOWS\System32\KERNELBASE.dll
0x00007ffe7ede0000 - 0x00007ffe7ee81000 	C:\WINDOWS\System32\ADVAPI32.dll
0x00007ffe7e3e0000 - 0x00007ffe7e47d000 	C:\WINDOWS\System32\msvcrt.dll
0x00007ffe80b40000 - 0x00007ffe80b9b000 	C:\WINDOWS\System32\sechost.dll
0x00007ffe7e2c0000 - 0x00007ffe7e3df000 	C:\WINDOWS\System32\RPCRT4.dll
0x00007ffe7f000000 - 0x00007ffe7f18f000 	C:\WINDOWS\System32\USER32.dll
0x00007ffe7e050000 - 0x00007ffe7e070000 	C:\WINDOWS\System32\win32u.dll
0x00007ffe80b10000 - 0x00007ffe80b38000 	C:\WINDOWS\System32\GDI32.dll
0x00007ffe7d1b0000 - 0x00007ffe7d344000 	C:\WINDOWS\System32\gdi32full.dll
0x00007ffe7d520000 - 0x00007ffe7d5bb000 	C:\WINDOWS\System32\msvcp_win.dll
0x00007ffe7d0b0000 - 0x00007ffe7d1a6000 	C:\WINDOWS\System32\ucrtbase.dll
0x00007ffe74e70000 - 0x00007ffe750d9000 	C:\WINDOWS\WinSxS\amd64_microsoft.windows.common-controls_6595b64144ccf1df_6.0.16299.64_none_cc9304e22215ca8f\COMCTL32.dll
0x00007ffe7e650000 - 0x00007ffe7e958000 	C:\WINDOWS\System32\combase.dll
0x00007ffe7dd10000 - 0x00007ffe7dd82000 	C:\WINDOWS\System32\bcryptPrimitives.dll
0x00007ffe7edb0000 - 0x00007ffe7eddd000 	C:\WINDOWS\System32\IMM32.DLL
0x00000000700f0000 - 0x00000000701c2000 	C:\Program Files\Java\jre1.8.0_121\bin\msvcr100.dll
0x00000000701d0000 - 0x0000000070a6b000 	C:\Program Files\Java\jre1.8.0_121\bin\server\jvm.dll
0x00007ffe7e480000 - 0x00007ffe7e488000 	C:\WINDOWS\System32\PSAPI.DLL
0x00007ffe78cf0000 - 0x00007ffe78d13000 	C:\WINDOWS\SYSTEM32\WINMM.dll
0x00007ffe779f0000 - 0x00007ffe779fa000 	C:\WINDOWS\SYSTEM32\VERSION.dll
0x00007ffe78c90000 - 0x00007ffe78cba000 	C:\WINDOWS\SYSTEM32\WINMMBASE.dll
0x00007ffe7dd90000 - 0x00007ffe7ddda000 	C:\WINDOWS\System32\cfgmgr32.dll
0x00007ffe72110000 - 0x00007ffe72119000 	C:\WINDOWS\SYSTEM32\WSOCK32.dll
0x00007ffe7e490000 - 0x00007ffe7e4fc000 	C:\WINDOWS\System32\WS2_32.dll
0x0000000071380000 - 0x000000007138f000 	C:\Program Files\Java\jre1.8.0_121\bin\verify.dll
0x0000000071350000 - 0x0000000071379000 	C:\Program Files\Java\jre1.8.0_121\bin\java.dll
0x0000000071330000 - 0x0000000071346000 	C:\Program Files\Java\jre1.8.0_121\bin\zip.dll
0x00007ffe7f510000 - 0x00007ffe80947000 	C:\WINDOWS\System32\SHELL32.dll
0x00007ffe80950000 - 0x00007ffe809f6000 	C:\WINDOWS\System32\shcore.dll
0x00007ffe7d5c0000 - 0x00007ffe7dd07000 	C:\WINDOWS\System32\windows.storage.dll
0x00007ffe80c20000 - 0x00007ffe80c71000 	C:\WINDOWS\System32\shlwapi.dll
0x00007ffe7d040000 - 0x00007ffe7d051000 	C:\WINDOWS\System32\kernel.appcore.dll
0x00007ffe7d060000 - 0x00007ffe7d0ac000 	C:\WINDOWS\System32\powrprof.dll
0x00007ffe7d000000 - 0x00007ffe7d01b000 	C:\WINDOWS\System32\profapi.dll
0x000000006ff50000 - 0x00000000700e8000 	C:\Program Files\Java\jre1.8.0_121\bin\awt.dll
0x00007ffe7f190000 - 0x00007ffe7f255000 	C:\WINDOWS\System32\OLEAUT32.dll
0x00007ffe7b090000 - 0x00007ffe7b117000 	C:\WINDOWS\SYSTEM32\apphelp.dll
0x00007ffe7b1c0000 - 0x00007ffe7b255000 	C:\WINDOWS\system32\uxtheme.dll
0x00007ffe7ee90000 - 0x00007ffe7eff7000 	C:\WINDOWS\System32\MSCTF.dll
0x00007ffe7b480000 - 0x00007ffe7b4aa000 	C:\WINDOWS\system32\dwmapi.dll
0x00007ffe7e500000 - 0x00007ffe7e649000 	C:\WINDOWS\System32\ole32.dll
0x00007ffe63ac0000 - 0x00007ffe63bde000 	C:\WINDOWS\system32\opengl32.dll
0x00007ffe63f50000 - 0x00007ffe63f7c000 	C:\WINDOWS\SYSTEM32\GLU32.dll
0x000000006ff00000 - 0x000000006ff47000 	C:\Program Files\Java\jre1.8.0_121\bin\fontmanager.dll
0x0000000071310000 - 0x000000007132a000 	C:\Program Files\Java\jre1.8.0_121\bin\net.dll
0x00007ffe7c890000 - 0x00007ffe7c8f6000 	C:\WINDOWS\system32\mswsock.dll
0x00000000712f0000 - 0x0000000071301000 	C:\Program Files\Java\jre1.8.0_121\bin\nio.dll
0x000000006feb0000 - 0x000000006fef2000 	C:\Program Files\Java\jre1.8.0_121\bin\t2k.dll
0x00007ffe7c660000 - 0x00007ffe7c716000 	C:\WINDOWS\SYSTEM32\DNSAPI.dll
0x00007ffe7e2b0000 - 0x00007ffe7e2b8000 	C:\WINDOWS\System32\NSI.dll
0x00007ffe7c620000 - 0x00007ffe7c659000 	C:\WINDOWS\SYSTEM32\IPHLPAPI.DLL
0x0000000070a90000 - 0x0000000070ab6000 	C:\Program Files\Bonjour\mdnsNSP.dll
0x00007ffe750e0000 - 0x00007ffe750ea000 	C:\Windows\System32\rasadhlp.dll
0x00007ffe760c0000 - 0x00007ffe76130000 	C:\WINDOWS\System32\fwpuclnt.dll
0x00007ffe7cb60000 - 0x00007ffe7cb85000 	C:\WINDOWS\SYSTEM32\bcrypt.dll
0x00007ffe7e1e0000 - 0x00007ffe7e27e000 	C:\WINDOWS\System32\clbcatq.dll
0x00007ffe78870000 - 0x00007ffe78a1b000 	C:\WINDOWS\SYSTEM32\WindowsCodecs.dll
0x00007ffe6d490000 - 0x00007ffe6d4df000 	C:\WINDOWS\system32\dataexchange.dll
0x00007ffe7ab60000 - 0x00007ffe7aca2000 	C:\WINDOWS\system32\dcomp.dll
0x00007ffe79da0000 - 0x00007ffe7a082000 	C:\WINDOWS\system32\d3d11.dll
0x00007ffe7be70000 - 0x00007ffe7bf1f000 	C:\WINDOWS\system32\dxgi.dll
0x00007ffe7b600000 - 0x00007ffe7b77b000 	C:\WINDOWS\system32\twinapi.appcore.dll
0x00007ffe7b570000 - 0x00007ffe7b590000 	C:\WINDOWS\system32\RMCLIENT.dll
0x00007ffe737d0000 - 0x00007ffe73868000 	C:\WINDOWS\System32\TextInputFramework.dll
0x00007ffe78440000 - 0x00007ffe7872e000 	C:\WINDOWS\System32\CoreUIComponents.dll
0x00007ffe7aa80000 - 0x00007ffe7ab5d000 	C:\WINDOWS\System32\CoreMessaging.dll
0x00007ffe7c140000 - 0x00007ffe7c171000 	C:\WINDOWS\SYSTEM32\ntmarta.dll
0x00007ffe79410000 - 0x00007ffe79546000 	C:\WINDOWS\SYSTEM32\wintypes.dll

VM Arguments:
jvm_args: -Dfile.encoding=Cp1252 
java_command: mainProgram.Front_End_Content
java_class_path (initial): C:\Users\Gary\git\SchoolProjects\bin;C:\Users\Gary\git\SchoolProjects\libraries\itext-5.0.2.jar;C:\Users\Gary\git\SchoolProjects\libraries\commons-io-2.6.jar;C:\Users\Gary\git\SchoolProjects\libraries\commons-lang-2.6.jar;C:\Users\Gary\git\SchoolProjects\libraries\commons-logging-1.1.1.jar;C:\Users\Gary\git\SchoolProjects\libraries\hsqldb.jar;C:\Users\Gary\git\SchoolProjects\libraries\jackcess-2.1.6.jar;C:\Users\Gary\git\SchoolProjects\libraries\ucanaccess-4.0.2.jar
Launcher Type: SUN_STANDARD

Environment Variables:
USERNAME=Gary
OS=Windows_NT
PROCESSOR_IDENTIFIER=Intel64 Family 6 Model 61 Stepping 4, GenuineIntel



---------------  S Y S T E M  ---------------

OS: Windows 10.0 , 64 bit Build 16299 (10.0.16299.15)

CPU:total 4 (2 cores per cpu, 2 threads per core) family 6 model 61 stepping 4, cmov, cx8, fxsr, mmx, sse, sse2, sse3, ssse3, sse4.1, sse4.2, popcnt, avx, avx2, aes, clmul, erms, 3dnowpref, lzcnt, ht, tsc, tscinvbit, bmi1, bmi2, adx

Memory: 4k page, physical 8296900k(1051704k free), swap 32095456k(187072k free)

vm_info: Java HotSpot(TM) 64-Bit Server VM (25.121-b13) for windows-amd64 JRE (1.8.0_121-b13), built on Dec 12 2016 18:21:36 by "java_re" with MS VC++ 10.0 (VS2010)

time: Tue Nov 21 23:56:31 2017
elapsed time: 2288 seconds (0d 0h 38m 8s)

